[INFO] Scanning for projects...
[INFO] 
[INFO] ----------------------< com.filmrental:frontend >-----------------------
[INFO] Building  0.0.1-SNAPSHOT
[INFO]   from pom.xml
[INFO] --------------------------------[ jar ]---------------------------------
[INFO] 
[INFO] >>> spring-boot:4.0.5:run (default-cli) > test-compile @ frontend >>>
[INFO] 
[INFO] --- resources:3.3.1:resources (default-resources) @ frontend ---
[INFO] Copying 1 resource from src\main\resources to target\classes
[INFO] Copying 4 resources from src\main\resources to target\classes
[INFO] 
[INFO] --- compiler:3.14.1:compile (default-compile) @ frontend ---
[INFO] Nothing to compile - all classes are up to date.
[INFO] 
[INFO] --- resources:3.3.1:testResources (default-testResources) @ frontend ---
[INFO] skip non existing resourceDirectory C:\Users\JOYDEEP DE\OneDrive\Desktop\frontend\frontend\src\test\resources
[INFO] 
[INFO] --- compiler:3.14.1:testCompile (default-testCompile) @ frontend ---
[INFO] Nothing to compile - all classes are up to date.
[INFO] 
[INFO] <<< spring-boot:4.0.5:run (default-cli) < test-compile @ frontend <<<
[INFO] 
[INFO] 
[INFO] --- spring-boot:4.0.5:run (default-cli) @ frontend ---
[INFO] Attaching agents: []

  .   ____          _            __ _ _
 /\\ / ___'_ __ _ _(_)_ __  __ _ \ \ \ \
( ( )\___ | '_ | '_| | '_ \/ _` | \ \ \ \
 \\/  ___)| |_)| | | | | || (_| |  ) ) ) )
  '  |____| .__|_| |_|_| |_\__, | / / / /
 =========|_|==============|___/=/_/_/_/

 :: Spring Boot ::                (v4.0.5)

2026-03-29T18:07:53.073+05:30  INFO 10484 --- [frontend] [           main] c.f.frontend.FrontendApplication         : Starting FrontendApplication using Java 23.0.2 with PID 10484 (C:\Users\JOYDEEP DE\OneDrive\Desktop\frontend\frontend\target\classes started by JOYDEEP DE in C:\Users\JOYDEEP DE\OneDrive\Desktop\frontend\frontend)
2026-03-29T18:07:53.076+05:30  INFO 10484 --- [frontend] [           main] c.f.frontend.FrontendApplication         : No active profile set, falling back to 1 default profile: "default"
Terminate batch job (Y/N)? 